Archive member included to satisfy reference by file (symbol)

/home/chris/dev/bin/../lib/gcc/arm-none-eabi/7.3.1/thumb/v6-m/libgcc.a(_udivsi3.o)
                              hpl/core/hpl_core_m0plus_base.o (__aeabi_uidiv)
/home/chris/dev/bin/../lib/gcc/arm-none-eabi/7.3.1/thumb/v6-m/libgcc.a(_divsi3.o)
                              hpl/core/hpl_core_m0plus_base.o (__aeabi_idiv)
/home/chris/dev/bin/../lib/gcc/arm-none-eabi/7.3.1/thumb/v6-m/libgcc.a(_dvmd_tls.o)
                              /home/chris/dev/bin/../lib/gcc/arm-none-eabi/7.3.1/thumb/v6-m/libgcc.a(_udivsi3.o) (__aeabi_idiv0)
/home/chris/dev/bin/../lib/gcc/arm-none-eabi/7.3.1/thumb/v6-m/libgcc.a(_aeabi_ldivmod.o)
                              hpl/sercom/hpl_sercom.o (__aeabi_ldivmod)
/home/chris/dev/bin/../lib/gcc/arm-none-eabi/7.3.1/thumb/v6-m/libgcc.a(_aeabi_uldivmod.o)
                              hpl/sercom/hpl_sercom.o (__aeabi_uldivmod)
/home/chris/dev/bin/../lib/gcc/arm-none-eabi/7.3.1/thumb/v6-m/libgcc.a(_muldi3.o)
                              hpl/sercom/hpl_sercom.o (__aeabi_lmul)
/home/chris/dev/bin/../lib/gcc/arm-none-eabi/7.3.1/thumb/v6-m/libgcc.a(_fixunsdfsi.o)
                              hpl/sercom/hpl_sercom.o (__aeabi_d2uiz)
/home/chris/dev/bin/../lib/gcc/arm-none-eabi/7.3.1/thumb/v6-m/libgcc.a(_udivmoddi4.o)
                              /home/chris/dev/bin/../lib/gcc/arm-none-eabi/7.3.1/thumb/v6-m/libgcc.a(_aeabi_uldivmod.o) (__udivmoddi4)
/home/chris/dev/bin/../lib/gcc/arm-none-eabi/7.3.1/thumb/v6-m/libgcc.a(bpabi.o)
                              /home/chris/dev/bin/../lib/gcc/arm-none-eabi/7.3.1/thumb/v6-m/libgcc.a(_aeabi_ldivmod.o) (__gnu_ldivmod_helper)
/home/chris/dev/bin/../lib/gcc/arm-none-eabi/7.3.1/thumb/v6-m/libgcc.a(divdf3.o)
                              hpl/sercom/hpl_sercom.o (__aeabi_ddiv)
/home/chris/dev/bin/../lib/gcc/arm-none-eabi/7.3.1/thumb/v6-m/libgcc.a(muldf3.o)
                              hpl/sercom/hpl_sercom.o (__aeabi_dmul)
/home/chris/dev/bin/../lib/gcc/arm-none-eabi/7.3.1/thumb/v6-m/libgcc.a(subdf3.o)
                              hpl/sercom/hpl_sercom.o (__aeabi_dsub)
/home/chris/dev/bin/../lib/gcc/arm-none-eabi/7.3.1/thumb/v6-m/libgcc.a(fixdfsi.o)
                              /home/chris/dev/bin/../lib/gcc/arm-none-eabi/7.3.1/thumb/v6-m/libgcc.a(_fixunsdfsi.o) (__aeabi_d2iz)
/home/chris/dev/bin/../lib/gcc/arm-none-eabi/7.3.1/thumb/v6-m/libgcc.a(floatsidf.o)
                              hpl/sercom/hpl_sercom.o (__aeabi_i2d)
/home/chris/dev/bin/../lib/gcc/arm-none-eabi/7.3.1/thumb/v6-m/libgcc.a(floatunsidf.o)
                              hpl/sercom/hpl_sercom.o (__aeabi_ui2d)
/home/chris/dev/bin/../lib/gcc/arm-none-eabi/7.3.1/thumb/v6-m/libgcc.a(_arm_cmpdf2.o)
                              /home/chris/dev/bin/../lib/gcc/arm-none-eabi/7.3.1/thumb/v6-m/libgcc.a(_fixunsdfsi.o) (__aeabi_dcmpge)
/home/chris/dev/bin/../lib/gcc/arm-none-eabi/7.3.1/thumb/v6-m/libgcc.a(_clzsi2.o)
                              /home/chris/dev/bin/../lib/gcc/arm-none-eabi/7.3.1/thumb/v6-m/libgcc.a(divdf3.o) (__clzsi2)
/home/chris/dev/bin/../lib/gcc/arm-none-eabi/7.3.1/thumb/v6-m/libgcc.a(_clzdi2.o)
                              /home/chris/dev/bin/../lib/gcc/arm-none-eabi/7.3.1/thumb/v6-m/libgcc.a(_udivmoddi4.o) (__clzdi2)
/home/chris/dev/bin/../lib/gcc/arm-none-eabi/7.3.1/thumb/v6-m/libgcc.a(_divdi3.o)
                              /home/chris/dev/bin/../lib/gcc/arm-none-eabi/7.3.1/thumb/v6-m/libgcc.a(bpabi.o) (__divdi3)
/home/chris/dev/bin/../lib/gcc/arm-none-eabi/7.3.1/thumb/v6-m/libgcc.a(eqdf2.o)
                              /home/chris/dev/bin/../lib/gcc/arm-none-eabi/7.3.1/thumb/v6-m/libgcc.a(_arm_cmpdf2.o) (__eqdf2)
/home/chris/dev/bin/../lib/gcc/arm-none-eabi/7.3.1/thumb/v6-m/libgcc.a(gedf2.o)
                              /home/chris/dev/bin/../lib/gcc/arm-none-eabi/7.3.1/thumb/v6-m/libgcc.a(_arm_cmpdf2.o) (__gedf2)
/home/chris/dev/bin/../lib/gcc/arm-none-eabi/7.3.1/thumb/v6-m/libgcc.a(ledf2.o)
                              /home/chris/dev/bin/../lib/gcc/arm-none-eabi/7.3.1/thumb/v6-m/libgcc.a(_arm_cmpdf2.o) (__ledf2)
/home/chris/dev/bin/../lib/gcc/arm-none-eabi/7.3.1/../../../../arm-none-eabi/lib/thumb/v6-m/libc_nano.a(lib_a-exit.o)
                              /home/chris/dev/bin/../lib/gcc/arm-none-eabi/7.3.1/../../../../arm-none-eabi/lib/thumb/v6-m/crt0.o (exit)
/home/chris/dev/bin/../lib/gcc/arm-none-eabi/7.3.1/../../../../arm-none-eabi/lib/thumb/v6-m/libc_nano.a(lib_a-impure.o)
                              /home/chris/dev/bin/../lib/gcc/arm-none-eabi/7.3.1/../../../../arm-none-eabi/lib/thumb/v6-m/libc_nano.a(lib_a-exit.o) (_global_impure_ptr)
/home/chris/dev/bin/../lib/gcc/arm-none-eabi/7.3.1/../../../../arm-none-eabi/lib/thumb/v6-m/libc_nano.a(lib_a-init.o)
                              /home/chris/dev/bin/../lib/gcc/arm-none-eabi/7.3.1/../../../../arm-none-eabi/lib/thumb/v6-m/crt0.o (__libc_init_array)
[...]
Memory Configuration

Name             Origin             Length             Attributes
rom              0x0000000000002000 0x000000000003e000 xr
ram              0x0000000020000000 0x0000000000008000 xrw
*default*        0x0000000000000000 0xffffffffffffffff

Linker script and memory map

LOAD /home/chris/dev/bin/../lib/gcc/arm-none-eabi/7.3.1/thumb/v6-m/crti.o
LOAD /home/chris/dev/bin/../lib/gcc/arm-none-eabi/7.3.1/thumb/v6-m/crtbegin.o
LOAD /home/chris/dev/bin/../lib/gcc/arm-none-eabi/7.3.1/../../../../arm-none-eabi/lib/thumb/v6-m/crt0.o
LOAD hal/src/hal_io.o
LOAD samd21a/gcc/gcc/startup_samd21.o
LOAD hal/utils/src/utils_syscalls.o
LOAD hal/src/hal_delay.o
LOAD hpl/pm/hpl_pm.o
LOAD hpl/core/hpl_init.o
LOAD hal/utils/src/utils_list.o
LOAD hpl/core/hpl_core_m0plus_base.o
LOAD hal/utils/src/utils_assert.o
LOAD hpl/dmac/hpl_dmac.o
LOAD hpl/sysctrl/hpl_sysctrl.o
LOAD hal/src/hal_usart_sync.o
LOAD hpl/gclk/hpl_gclk.o
LOAD hal/src/hal_init.o
LOAD samd21a/gcc/system_samd21.o
LOAD examples/driver_examples.o
LOAD examples/warm.o
LOAD driver_init.o
LOAD hpl/sercom/hpl_sercom.o
LOAD hal/src/hal_gpio.o
LOAD hal/utils/src/utils_event.o
LOAD hal/src/hal_sleep.o
LOAD atmel_start.o
LOAD hal/src/hal_atomic.o
LOAD src/dump.o
LOAD src/nyb_stack.o
LOAD pins.o
LOAD main.o
START GROUP
LOAD /home/chris/dev/bin/../lib/gcc/arm-none-eabi/7.3.1/../../../../arm-none-eabi/lib/thumb/v6-m/libm.a
END GROUP
START GROUP
LOAD /home/chris/dev/bin/../lib/gcc/arm-none-eabi/7.3.1/thumb/v6-m/libgcc.a
LOAD /home/chris/dev/bin/../lib/gcc/arm-none-eabi/7.3.1/../../../../arm-none-eabi/lib/thumb/v6-m/libc_nano.a
END GROUP
START GROUP
LOAD /home/chris/dev/bin/../lib/gcc/arm-none-eabi/7.3.1/thumb/v6-m/libgcc.a
LOAD /home/chris/dev/bin/../lib/gcc/arm-none-eabi/7.3.1/../../../../arm-none-eabi/lib/thumb/v6-m/libc_nano.a
END GROUP
LOAD /home/chris/dev/bin/../lib/gcc/arm-none-eabi/7.3.1/thumb/v6-m/crtend.o
LOAD /home/chris/dev/bin/../lib/gcc/arm-none-eabi/7.3.1/thumb/v6-m/crtn.o
                0x0000000000002000                STACK_SIZE = DEFINED (STACK_SIZE)?STACK_SIZE:DEFINED (__stack_size__)?__stack_size__:0x2000

.text           0x0000000000002000      0xe70
                0x0000000000002000                . = ALIGN (0x4)
                0x0000000000002000                _sfixed = .
 *(.vectors .vectors.*)
 .vectors       0x0000000000002000       0xb4 samd21a/gcc/gcc/startup_samd21.o
                0x0000000000002000                exception_table
 *(.text .text.* .gnu.linkonce.t.*)
 .text          0x00000000000020b4       0x48 /home/chris/dev/bin/../lib/gcc/arm-none-eabi/7.3.1/thumb/v6-m/crtbegin.o
 .text.io_write
                0x00000000000020fc       0x30 hal/src/hal_io.o
                0x00000000000020fc                io_write
 .text.io_read  0x000000000000212c       0x30 hal/src/hal_io.o
                0x000000000000212c                io_read
 .text.Dummy_Handler
                0x000000000000215c        0x2 samd21a/gcc/gcc/startup_samd21.o
                0x000000000000215c                SVCall_Handler
                0x000000000000215c                DMAC_Handler
                0x000000000000215c                HardFault_Handler
                0x000000000000215c                AC_Handler
                0x000000000000215c                SysTick_Handler
                0x000000000000215c                PendSV_Handler
                0x000000000000215c                SERCOM1_Handler
                0x000000000000215c                ADC_Handler
                0x000000000000215c                NonMaskableInt_Handler
                0x000000000000215c                TCC1_Handler
                0x000000000000215c                SERCOM2_Handler
                0x000000000000215c                TCC0_Handler
                0x000000000000215c                RTC_Handler
                0x000000000000215c                EIC_Handler
                0x000000000000215c                WDT_Handler
                0x000000000000215c                TC4_Handler
                0x000000000000215c                USB_Handler
                0x000000000000215c                TC3_Handler
                0x000000000000215c                Dummy_Handler
                0x000000000000215c                PM_Handler
                0x000000000000215c                SERCOM5_Handler
                0x000000000000215c                TCC2_Handler
                0x000000000000215c                EVSYS_Handler
                0x000000000000215c                SERCOM3_Handler
                0x000000000000215c                SERCOM4_Handler
                0x000000000000215c                I2S_Handler
                0x000000000000215c                NVMCTRL_Handler
                0x000000000000215c                SERCOM0_Handler
                0x000000000000215c                DAC_Handler
                0x000000000000215c                PTC_Handler
                0x000000000000215c                TC5_Handler
                0x000000000000215c                SYSCTRL_Handler
 *fill*         0x000000000000215e        0x2 
 .text.Reset_Handler
                0x0000000000002160       0xbc samd21a/gcc/gcc/startup_samd21.o
                0x0000000000002160                Reset_Handler
 .text._pm_init
                0x000000000000221c       0x20 hpl/pm/hpl_pm.o
                0x000000000000221c                _pm_init
 .text._init_chip
                0x000000000000223c       0x34 hpl/core/hpl_init.o
                0x000000000000223c                _init_chip
 .text.assert   0x0000000000002270        0x8 hal/utils/src/utils_assert.o
                0x0000000000002270                assert
 .text._sysctrl_init_sources
                0x0000000000002278       0x38 hpl/sysctrl/hpl_sysctrl.o
                0x0000000000002278                _sysctrl_init_sources
 .text._sysctrl_init_referenced_generators
                0x00000000000022b0       0x10 hpl/sysctrl/hpl_sysctrl.o
                0x00000000000022b0                _sysctrl_init_referenced_generators
 .text.usart_sync_write
                0x00000000000022c0       0x68 hal/src/hal_usart_sync.o
 .text.usart_sync_read
                0x0000000000002328       0x54 hal/src/hal_usart_sync.o
 .text.usart_sync_init
                0x000000000000237c       0x44 hal/src/hal_usart_sync.o
                0x000000000000237c                usart_sync_init
 .text.usart_sync_enable
                0x00000000000023c0       0x2c hal/src/hal_usart_sync.o
                0x00000000000023c0                usart_sync_enable
 .text.usart_sync_get_io_descriptor
                0x00000000000023ec       0x28 hal/src/hal_usart_sync.o
                0x00000000000023ec                usart_sync_get_io_descriptor
 .text._gclk_init_generators_by_fref
                0x0000000000002414       0x3c hpl/gclk/hpl_gclk.o
                0x0000000000002414                _gclk_init_generators_by_fref
 .text.SystemInit
                0x0000000000002450       0x10 samd21a/gcc/system_samd21.o
                0x0000000000002450                SystemInit
 .text.usart_sync_get_desc
                0x0000000000002460       0x18 examples/driver_examples.o
                0x0000000000002460                usart_sync_get_desc
 .text.usart_sync_enbl
                0x0000000000002478       0x14 examples/driver_examples.o
                0x0000000000002478                usart_sync_enbl
 .text.bg_black
                0x000000000000248c       0x34 examples/driver_examples.o
                0x000000000000248c                bg_black
 .text.bg_red   0x00000000000024c0       0x34 examples/driver_examples.o
                0x00000000000024c0                bg_red
 .text.bg_blue  0x00000000000024f4       0x34 examples/driver_examples.o
                0x00000000000024f4                bg_blue
 .text.color_reset
                0x0000000000002528       0x34 examples/driver_examples.o
                0x0000000000002528                color_reset
 .text.fg_white
                0x000000000000255c       0x64 examples/driver_examples.o
                0x000000000000255c                fg_white
 .text.fg_yellow
                0x00000000000025c0       0x34 examples/driver_examples.o
                0x00000000000025c0                fg_yellow
 .text.filter   0x00000000000025f4       0x80 examples/driver_examples.o
                0x00000000000025f4                filter
 .text._spc     0x0000000000002674       0x1c examples/driver_examples.o
                0x0000000000002674                _spc
 .text._cr      0x0000000000002690       0x1c examples/driver_examples.o
                0x0000000000002690                _cr
 .text.USART_0_example_upper
                0x00000000000026ac       0x1c examples/driver_examples.o
                0x00000000000026ac                USART_0_example_upper
 .text.USART_0_example_lower
                0x00000000000026c8       0xc0 examples/driver_examples.o
                0x00000000000026c8                USART_0_example_lower
 .text._warm    0x0000000000002788       0x34 examples/warm.o
                0x0000000000002788                _warm
 .text.capture_warm
                0x00000000000027bc       0x9c examples/warm.o
                0x00000000000027bc                capture_warm
 .text.USART_0_PORT_init
                0x0000000000002858       0x3c driver_init.o
                0x0000000000002858                USART_0_PORT_init
 .text.USART_0_CLOCK_init
                0x0000000000002894       0x20 driver_init.o
                0x0000000000002894                USART_0_CLOCK_init
 .text.USART_0_init
                0x00000000000028b4       0x2c driver_init.o
                0x00000000000028b4                USART_0_init
 .text.atmel_pins_init
                0x00000000000028e0       0x4c driver_init.o
                0x00000000000028e0                atmel_pins_init
 .text.system_init
                0x000000000000292c       0x1c driver_init.o
                0x000000000000292c                system_init
 .text.hri_sercomusart_wait_for_sync
                0x0000000000002948        0x8 hpl/sercom/hpl_sercom.o
 .text.hri_sercomusart_clear_CTRLA_ENABLE_bit
                0x0000000000002950       0x18 hpl/sercom/hpl_sercom.o
 .text._usart_init
                0x0000000000002968       0x90 hpl/sercom/hpl_sercom.o
 .text._usart_sync_init
                0x00000000000029f8       0x2c hpl/sercom/hpl_sercom.o
                0x00000000000029f8                _usart_sync_init
 .text._usart_sync_enable
                0x0000000000002a24       0x1c hpl/sercom/hpl_sercom.o
                0x0000000000002a24                _usart_sync_enable
 .text._usart_sync_write_byte
                0x0000000000002a40        0x8 hpl/sercom/hpl_sercom.o
                0x0000000000002a40                _usart_sync_write_byte
 .text._usart_sync_read_byte
                0x0000000000002a48        0x8 hpl/sercom/hpl_sercom.o
                0x0000000000002a48                _usart_sync_read_byte
 .text._usart_sync_is_ready_to_send
                0x0000000000002a50        0xa hpl/sercom/hpl_sercom.o
                0x0000000000002a50                _usart_sync_is_ready_to_send
 .text._usart_sync_is_transmit_done
                0x0000000000002a5a        0xa hpl/sercom/hpl_sercom.o
                0x0000000000002a5a                _usart_sync_is_transmit_done
 .text._usart_sync_is_byte_received
                0x0000000000002a64        0xa hpl/sercom/hpl_sercom.o
                0x0000000000002a64                _usart_sync_is_byte_received
 *fill*         0x0000000000002a6e        0x2 
 .text.atmel_start_init
                0x0000000000002a70        0xc atmel_start.o
                0x0000000000002a70                atmel_start_init
 .text.new_ascii_emit
                0x0000000000002a7c       0x30 src/dump.o
                0x0000000000002a7c                new_ascii_emit
 .text.parsed_low
                0x0000000000002aac       0x3c src/dump.o
                0x0000000000002aac                parsed_low
 .text.parsed_hi
                0x0000000000002ae8       0x20 src/dump.o
                0x0000000000002ae8                parsed_hi
 .text.cdump    0x0000000000002b08       0xd0 src/dump.o
                0x0000000000002b08                cdump
 .text.pins_setup
                0x0000000000002bd8       0x28 pins.o
                0x0000000000002bd8                pins_setup
 .text.toggle_d11
                0x0000000000002c00       0x10 pins.o
                0x0000000000002c00                toggle_d11
 .text.delays   0x0000000000002c10       0x1c main.o
                0x0000000000002c10                delays
 .text.blink_two
                0x0000000000002c2c       0x20 main.o
                0x0000000000002c2c                blink_two
 .text.startup.main
                0x0000000000002c4c       0x70 main.o
                0x0000000000002c4c                main
 .text.__libc_init_array
                0x0000000000002cbc       0x48 /home/chris/dev/bin/../lib/gcc/arm-none-eabi/7.3.1/../../../../arm-none-eabi/lib/thumb/v6-m/libc_nano.a(lib_a-init.o)
                0x0000000000002cbc                __libc_init_array
 *(.glue_7t)
 .glue_7t       0x0000000000002d04        0x0 linker stubs
 *(.glue_7)
 .glue_7        0x0000000000002d04        0x0 linker stubs
 *(.rodata .rodata* .gnu.linkonce.r.*)
 .rodata.str1.1
                0x0000000000002d04       0x14 hal/src/hal_io.o
 .rodata.str1.1
                0x0000000000002d18       0x1c hal/src/hal_usart_sync.o
 .rodata.str1.1
                0x0000000000002d34       0xdb examples/driver_examples.o
                                         0xe6 (size before relaxing)
 .rodata.str1.1
                0x0000000000002e0f       0x24 examples/warm.o
 .rodata.str1.1
                0x0000000000002e33       0x1b hpl/sercom/hpl_sercom.o
 .rodata.str1.1
                0x0000000000002e4e       0x1b src/dump.o
                                          0x8 (size before relaxing)
 *(.ARM.extab* .gnu.linkonce.armextab.*)
                0x0000000000002e6c                . = ALIGN (0x4)
 *fill*         0x0000000000002e4e        0x2 
 *(.init)
 .init          0x0000000000002e50        0x4 /home/chris/dev/bin/../lib/gcc/arm-none-eabi/7.3.1/thumb/v6-m/crti.o
                0x0000000000002e50                _init
 .init          0x0000000000002e54        0x8 /home/chris/dev/bin/../lib/gcc/arm-none-eabi/7.3.1/thumb/v6-m/crtn.o
                0x0000000000002e5c                . = ALIGN (0x4)
                0x0000000000002e5c                __preinit_array_start = .
 *(.preinit_array)
                0x0000000000002e5c                __preinit_array_end = .
                0x0000000000002e5c                . = ALIGN (0x4)
                0x0000000000002e5c                __init_array_start = .
 *(SORT_BY_NAME(.init_array.*))
 *(.init_array)
 .init_array    0x0000000000002e5c        0x4 /home/chris/dev/bin/../lib/gcc/arm-none-eabi/7.3.1/thumb/v6-m/crtbegin.o
                0x0000000000002e60                __init_array_end = .
                0x0000000000002e60                . = ALIGN (0x4)
 *crtbegin.o(.ctors)
 *(EXCLUDE_FILE(*crtend.o) .ctors)
 *(SORT_BY_NAME(.ctors.*))
 *crtend.o(.ctors)
                0x0000000000002e60                . = ALIGN (0x4)
 *(.fini)
 .fini          0x0000000000002e60        0x4 /home/chris/dev/bin/../lib/gcc/arm-none-eabi/7.3.1/thumb/v6-m/crti.o
                0x0000000000002e60                _fini
 .fini          0x0000000000002e64        0x8 /home/chris/dev/bin/../lib/gcc/arm-none-eabi/7.3.1/thumb/v6-m/crtn.o
                0x0000000000002e6c                . = ALIGN (0x4)
                0x0000000000002e6c                __fini_array_start = .
 *(.fini_array)
 .fini_array    0x0000000000002e6c        0x4 /home/chris/dev/bin/../lib/gcc/arm-none-eabi/7.3.1/thumb/v6-m/crtbegin.o
 *(SORT_BY_NAME(.fini_array.*))
                0x0000000000002e70                __fini_array_end = .
 *crtbegin.o(.dtors)
 *(EXCLUDE_FILE(*crtend.o) .dtors)
 *(SORT_BY_NAME(.dtors.*))
 *crtend.o(.dtors)
                0x0000000000002e70                . = ALIGN (0x4)
                0x0000000000002e70                _efixed = .
                [!provide]                        PROVIDE (__exidx_start = .)

.vfp11_veneer   0x0000000000002e70        0x0
 .vfp11_veneer  0x0000000000002e70        0x0 linker stubs

.v4_bx          0x0000000000002e70        0x0
 .v4_bx         0x0000000000002e70        0x0 linker stubs

.iplt           0x0000000000002e70        0x0
 .iplt          0x0000000000002e70        0x0 /home/chris/dev/bin/../lib/gcc/arm-none-eabi/7.3.1/thumb/v6-m/crtbegin.o

.igot.plt       0x0000000000002e70        0x0
 .igot.plt      0x0000000000002e70        0x0 /home/chris/dev/bin/../lib/gcc/arm-none-eabi/7.3.1/thumb/v6-m/crtbegin.o

.eh_frame       0x0000000000002e70        0x0
 .eh_frame      0x0000000000002e70        0x0 /home/chris/dev/bin/../lib/gcc/arm-none-eabi/7.3.1/thumb/v6-m/crtbegin.o

.rel.dyn        0x0000000000002e70        0x0
 .rel.iplt      0x0000000000002e70        0x0 /home/chris/dev/bin/../lib/gcc/arm-none-eabi/7.3.1/thumb/v6-m/crtbegin.o

.ARM.exidx
 *(.ARM.exidx* .gnu.linkonce.armexidx.*)
                [!provide]                        PROVIDE (__exidx_end = .)
                0x0000000000002e70                . = ALIGN (0x4)
                0x0000000000002e70                _etext = .

.relocate       0x0000000020000000        0x4 load address 0x0000000000002e70
                0x0000000020000000                . = ALIGN (0x4)
                0x0000000020000000                _srelocate = .
 *(.ramfunc .ramfunc.*)
 *(.data .data.*)
 .data          0x0000000020000000        0x4 samd21a/gcc/system_samd21.o
                0x0000000020000000                SystemCoreClock
                0x0000000020000004                . = ALIGN (0x4)
                0x0000000020000004                _erelocate = .

.bss            0x0000000020000004       0x50 load address 0x0000000000002e74
                0x0000000020000004                . = ALIGN (0x4)
                0x0000000020000004                _sbss = .
                0x0000000020000004                _szero = .
 *(.bss .bss.*)
 .bss           0x0000000020000004       0x1c /home/chris/dev/bin/../lib/gcc/arm-none-eabi/7.3.1/thumb/v6-m/crtbegin.o
 .bss           0x0000000020000020        0x4 examples/warm.o
                0x0000000020000020                state_warm
 .bss           0x0000000020000024        0x8 src/dump.o
                0x0000000020000024                rbyte
                0x0000000020000028                COUNTER
 *(COMMON)
 COMMON         0x000000002000002c       0x18 examples/driver_examples.o
                0x000000002000002c                tib
                0x000000002000003c                io
                0x0000000020000040                buf
 COMMON         0x0000000020000044        0xc driver_init.o
                0x0000000020000044                USART_0
 COMMON         0x0000000020000050        0x1 src/dump.o
                0x0000000020000050                byte_r
                0x0000000020000054                . = ALIGN (0x4)
 *fill*         0x0000000020000051        0x3 
                0x0000000020000054                _ebss = .
                0x0000000020000054                _ezero = .

.stack          0x0000000020000054     0x2004 load address 0x0000000000002ec4
                0x0000000020000058                . = ALIGN (0x8)
 *fill*         0x0000000020000054        0x4 
                0x0000000020000058                _sstack = .
                0x0000000020002058                . = (. + STACK_SIZE)
 *fill*         0x0000000020000058     0x2000 
                0x0000000020002058                . = ALIGN (0x8)
                0x0000000020002058                _estack = .
                0x0000000020002058                . = ALIGN (0x4)
                0x0000000020002058                _end = .
                [!provide]                        PROVIDE (end = .)
OUTPUT(AtmelStart.elf elf32-littlearm)

.ARM.attributes
                0x0000000000000000       0x28
 .ARM.attributes
                0x0000000000000000       0x1e /home/chris/dev/bin/../lib/gcc/arm-none-eabi/7.3.1/thumb/v6-m/crti.o
 .ARM.attributes
                0x000000000000001e       0x2c /home/chris/dev/bin/../lib/gcc/arm-none-eabi/7.3.1/thumb/v6-m/crtbegin.o
 .ARM.attributes
                0x000000000000004a       0x32 hal/src/hal_io.o
 .ARM.attributes
                0x000000000000007c       0x32 samd21a/gcc/gcc/startup_samd21.o
 .ARM.attributes
                0x00000000000000ae       0x32 hpl/pm/hpl_pm.o
 .ARM.attributes
                0x00000000000000e0       0x32 hpl/core/hpl_init.o
 .ARM.attributes
                0x0000000000000112       0x32 hal/utils/src/utils_assert.o
 .ARM.attributes
                0x0000000000000144       0x32 hpl/sysctrl/hpl_sysctrl.o
 .ARM.attributes
                0x0000000000000176       0x32 hal/src/hal_usart_sync.o
 .ARM.attributes
                0x00000000000001a8       0x32 hpl/gclk/hpl_gclk.o
 .ARM.attributes
                0x00000000000001da       0x32 samd21a/gcc/system_samd21.o
 .ARM.attributes
                0x000000000000020c       0x32 examples/driver_examples.o
 .ARM.attributes
                0x000000000000023e       0x32 examples/warm.o
 .ARM.attributes
                0x0000000000000270       0x32 driver_init.o
 .ARM.attributes
                0x00000000000002a2       0x32 hpl/sercom/hpl_sercom.o
 .ARM.attributes
                0x00000000000002d4       0x32 atmel_start.o
 .ARM.attributes
                0x0000000000000306       0x32 src/dump.o
 .ARM.attributes
                0x0000000000000338       0x32 pins.o
 .ARM.attributes
                0x000000000000036a       0x32 main.o
 .ARM.attributes
                0x000000000000039c       0x2c /home/chris/dev/bin/../lib/gcc/arm-none-eabi/7.3.1/../../../../arm-none-eabi/lib/thumb/v6-m/libc_nano.a(lib_a-init.o)
 .ARM.attributes
                0x00000000000003c8       0x1e /home/chris/dev/bin/../lib/gcc/arm-none-eabi/7.3.1/thumb/v6-m/crtn.o

.comment        0x0000000000000000       0x7f
 .comment       0x0000000000000000       0x7f hal/src/hal_io.o
                                         0x80 (size before relaxing)
 .comment       0x000000000000007f       0x80 samd21a/gcc/gcc/startup_samd21.o
 .comment       0x000000000000007f       0x80 hpl/pm/hpl_pm.o
 .comment       0x000000000000007f       0x80 hpl/core/hpl_init.o
 .comment       0x000000000000007f       0x80 hal/utils/src/utils_assert.o
 .comment       0x000000000000007f       0x80 hpl/sysctrl/hpl_sysctrl.o
 .comment       0x000000000000007f       0x80 hal/src/hal_usart_sync.o
 .comment       0x000000000000007f       0x80 hpl/gclk/hpl_gclk.o
 .comment       0x000000000000007f       0x80 samd21a/gcc/system_samd21.o
 .comment       0x000000000000007f       0x80 examples/driver_examples.o
 .comment       0x000000000000007f       0x80 examples/warm.o
 .comment       0x000000000000007f       0x80 driver_init.o
 .comment       0x000000000000007f       0x80 hpl/sercom/hpl_sercom.o
 .comment       0x000000000000007f       0x80 atmel_start.o
 .comment       0x000000000000007f       0x80 src/dump.o
 .comment       0x000000000000007f       0x80 pins.o
 .comment       0x000000000000007f       0x80 main.o

.debug_info     0x0000000000000000    0x1a611
 .debug_info    0x0000000000000000      0x28f hal/src/hal_io.o
 .debug_info    0x000000000000028f     0x35cb samd21a/gcc/gcc/startup_samd21.o
 .debug_info    0x000000000000385a      0xbaa hpl/pm/hpl_pm.o
 .debug_info    0x0000000000004404      0x625 hpl/core/hpl_init.o
 .debug_info    0x0000000000004a29       0xf6 hal/utils/src/utils_assert.o
 .debug_info    0x0000000000004b1f     0x1233 hpl/sysctrl/hpl_sysctrl.o
 .debug_info    0x0000000000005d52      0xbbd hal/src/hal_usart_sync.o
 .debug_info    0x000000000000690f      0x567 hpl/gclk/hpl_gclk.o
 .debug_info    0x0000000000006e76       0xbc samd21a/gcc/system_samd21.o
 .debug_info    0x0000000000006f32      0x808 examples/driver_examples.o
 .debug_info    0x000000000000773a      0x372 examples/warm.o
 .debug_info    0x0000000000007aac     0x72b9 driver_init.o
 .debug_info    0x000000000000ed65     0x9909 hpl/sercom/hpl_sercom.o
 .debug_info    0x000000000001866e      0x1ea atmel_start.o
 .debug_info    0x0000000000018858      0xc2f src/dump.o
 .debug_info    0x0000000000019487      0x7bf pins.o
 .debug_info    0x0000000000019c46      0x9cb main.o

.debug_abbrev   0x0000000000000000     0x2283
 .debug_abbrev  0x0000000000000000      0x112 hal/src/hal_io.o
 .debug_abbrev  0x0000000000000112      0x25e samd21a/gcc/gcc/startup_samd21.o
 .debug_abbrev  0x0000000000000370      0x231 hpl/pm/hpl_pm.o
 .debug_abbrev  0x00000000000005a1      0x1d6 hpl/core/hpl_init.o
 .debug_abbrev  0x0000000000000777       0x84 hal/utils/src/utils_assert.o
 .debug_abbrev  0x00000000000007fb      0x208 hpl/sysctrl/hpl_sysctrl.o
 .debug_abbrev  0x0000000000000a03      0x225 hal/src/hal_usart_sync.o
 .debug_abbrev  0x0000000000000c28      0x1ce hpl/gclk/hpl_gclk.o
 .debug_abbrev  0x0000000000000df6       0x88 samd21a/gcc/system_samd21.o
 .debug_abbrev  0x0000000000000e7e      0x177 examples/driver_examples.o
 .debug_abbrev  0x0000000000000ff5      0x199 examples/warm.o
 .debug_abbrev  0x000000000000118e      0x3b4 driver_init.o
 .debug_abbrev  0x0000000000001542      0x619 hpl/sercom/hpl_sercom.o
 .debug_abbrev  0x0000000000001b5b       0xd7 atmel_start.o
 .debug_abbrev  0x0000000000001c32      0x267 src/dump.o
 .debug_abbrev  0x0000000000001e99      0x197 pins.o
 .debug_abbrev  0x0000000000002030      0x253 main.o

.debug_loc      0x0000000000000000     0x63b8
 .debug_loc     0x0000000000000000       0xf2 hal/src/hal_io.o
 .debug_loc     0x00000000000000f2       0x2b samd21a/gcc/gcc/startup_samd21.o
 .debug_loc     0x000000000000011d      0x10d hpl/pm/hpl_pm.o
 .debug_loc     0x000000000000022a       0x2c hpl/core/hpl_init.o
 .debug_loc     0x0000000000000256       0xbe hpl/sysctrl/hpl_sysctrl.o
 .debug_loc     0x0000000000000314      0x605 hal/src/hal_usart_sync.o
 .debug_loc     0x0000000000000919      0x1be hpl/gclk/hpl_gclk.o
 .debug_loc     0x0000000000000ad7      0x4aa driver_init.o
 .debug_loc     0x0000000000000f81     0x50a9 hpl/sercom/hpl_sercom.o
 .debug_loc     0x000000000000602a      0x235 src/dump.o
 .debug_loc     0x000000000000625f      0x159 main.o

.debug_aranges  0x0000000000000000      0x888
 .debug_aranges
                0x0000000000000000       0x30 hal/src/hal_io.o
 .debug_aranges
                0x0000000000000030       0x28 samd21a/gcc/gcc/startup_samd21.o
 .debug_aranges
                0x0000000000000058       0x30 hpl/pm/hpl_pm.o
 .debug_aranges
                0x0000000000000088       0x20 hpl/core/hpl_init.o
 .debug_aranges
                0x00000000000000a8       0x20 hal/utils/src/utils_assert.o
 .debug_aranges
                0x00000000000000c8       0x28 hpl/sysctrl/hpl_sysctrl.o
 .debug_aranges
                0x00000000000000f0       0xa8 hal/src/hal_usart_sync.o
 .debug_aranges
                0x0000000000000198       0x28 hpl/gclk/hpl_gclk.o
 .debug_aranges
                0x00000000000001c0       0x20 samd21a/gcc/system_samd21.o
 .debug_aranges
                0x00000000000001e0       0x88 examples/driver_examples.o
 .debug_aranges
                0x0000000000000268       0x28 examples/warm.o
 .debug_aranges
                0x0000000000000290       0x50 driver_init.o
 .debug_aranges
                0x00000000000002e0      0x4e8 hpl/sercom/hpl_sercom.o
 .debug_aranges
                0x00000000000007c8       0x20 atmel_start.o
 .debug_aranges
                0x00000000000007e8       0x38 src/dump.o
 .debug_aranges
                0x0000000000000820       0x28 pins.o
 .debug_aranges
                0x0000000000000848       0x40 main.o

.debug_ranges   0x0000000000000000     0x1760
 .debug_ranges  0x0000000000000000       0x20 hal/src/hal_io.o
 .debug_ranges  0x0000000000000020       0x18 samd21a/gcc/gcc/startup_samd21.o
 .debug_ranges  0x0000000000000038       0x50 hpl/pm/hpl_pm.o
 .debug_ranges  0x0000000000000088       0x30 hpl/core/hpl_init.o
 .debug_ranges  0x00000000000000b8       0x10 hal/utils/src/utils_assert.o
 .debug_ranges  0x00000000000000c8       0x78 hpl/sysctrl/hpl_sysctrl.o
 .debug_ranges  0x0000000000000140       0x98 hal/src/hal_usart_sync.o
 .debug_ranges  0x00000000000001d8       0x30 hpl/gclk/hpl_gclk.o
 .debug_ranges  0x0000000000000208       0x10 samd21a/gcc/system_samd21.o
 .debug_ranges  0x0000000000000218       0x78 examples/driver_examples.o
 .debug_ranges  0x0000000000000290       0x18 examples/warm.o
 .debug_ranges  0x00000000000002a8      0x190 driver_init.o
 .debug_ranges  0x0000000000000438     0x11f0 hpl/sercom/hpl_sercom.o
 .debug_ranges  0x0000000000001628       0x10 atmel_start.o
 .debug_ranges  0x0000000000001638       0x78 src/dump.o
 .debug_ranges  0x00000000000016b0       0x18 pins.o
 .debug_ranges  0x00000000000016c8       0x98 main.o

.debug_macro    0x0000000000000000    0x16825
 .debug_macro   0x0000000000000000      0x42e hal/src/hal_io.o
 .debug_macro   0x000000000000042e      0xa48 hal/src/hal_io.o
 .debug_macro   0x0000000000000e76      0x16d hal/src/hal_io.o
 .debug_macro   0x0000000000000fe3       0x22 hal/src/hal_io.o
 .debug_macro   0x0000000000001005       0x8e hal/src/hal_io.o
 .debug_macro   0x0000000000001093       0x51 hal/src/hal_io.o
 .debug_macro   0x00000000000010e4       0xef hal/src/hal_io.o
 .debug_macro   0x00000000000011d3       0x6a hal/src/hal_io.o
 .debug_macro   0x000000000000123d      0x1df hal/src/hal_io.o
 .debug_macro   0x000000000000141c       0x22 hal/src/hal_io.o
 .debug_macro   0x000000000000143e       0x3f hal/src/hal_io.o
 .debug_macro   0x000000000000147d       0x28 hal/src/hal_io.o
 .debug_macro   0x00000000000014a5       0x85 hal/src/hal_io.o
 .debug_macro   0x000000000000152a      0x375 hal/src/hal_io.o
 .debug_macro   0x000000000000189f      0x67e hal/src/hal_io.o
 .debug_macro   0x0000000000001f1d      0x8b1 hal/src/hal_io.o
 .debug_macro   0x00000000000027ce      0x22e hal/src/hal_io.o
 .debug_macro   0x00000000000029fc      0xd5c hal/src/hal_io.o
 .debug_macro   0x0000000000003758      0x4dc hal/src/hal_io.o
 .debug_macro   0x0000000000003c34      0x9f6 hal/src/hal_io.o
 .debug_macro   0x000000000000462a      0x82b hal/src/hal_io.o
 .debug_macro   0x0000000000004e55      0x45f hal/src/hal_io.o
 .debug_macro   0x00000000000052b4       0x5e hal/src/hal_io.o
 .debug_macro   0x0000000000005312      0x8f9 hal/src/hal_io.o
 .debug_macro   0x0000000000005c0b      0x21c hal/src/hal_io.o
 .debug_macro   0x0000000000005e27      0x735 hal/src/hal_io.o
 .debug_macro   0x000000000000655c       0x5e hal/src/hal_io.o
 .debug_macro   0x00000000000065ba      0x632 hal/src/hal_io.o
 .debug_macro   0x0000000000006bec      0x3ac hal/src/hal_io.o
 .debug_macro   0x0000000000006f98      0xc76 hal/src/hal_io.o
 .debug_macro   0x0000000000007c0e     0x1092 hal/src/hal_io.o
 .debug_macro   0x0000000000008ca0      0xc4a hal/src/hal_io.o
 .debug_macro   0x00000000000098ea      0x6ba hal/src/hal_io.o
 .debug_macro   0x0000000000009fa4     0x1b3d hal/src/hal_io.o
 .debug_macro   0x000000000000bae1     0x143c hal/src/hal_io.o
 .debug_macro   0x000000000000cf1d      0x340 hal/src/hal_io.o
 .debug_macro   0x000000000000d25d       0x7c hal/src/hal_io.o
 .debug_macro   0x000000000000d2d9       0xa0 hal/src/hal_io.o
 .debug_macro   0x000000000000d379       0x4c hal/src/hal_io.o
 .debug_macro   0x000000000000d3c5       0xca hal/src/hal_io.o
 .debug_macro   0x000000000000d48f       0x94 hal/src/hal_io.o
 .debug_macro   0x000000000000d523       0x58 hal/src/hal_io.o
 .debug_macro   0x000000000000d57b      0x341 hal/src/hal_io.o
 .debug_macro   0x000000000000d8bc       0x82 hal/src/hal_io.o
 .debug_macro   0x000000000000d93e      0x189 hal/src/hal_io.o
 .debug_macro   0x000000000000dac7       0xb8 hal/src/hal_io.o
 .debug_macro   0x000000000000db7f       0xa0 hal/src/hal_io.o
 .debug_macro   0x000000000000dc1f       0xb2 hal/src/hal_io.o
 .debug_macro   0x000000000000dcd1       0x1c hal/src/hal_io.o
 .debug_macro   0x000000000000dced       0x1c hal/src/hal_io.o
 .debug_macro   0x000000000000dd09       0x1c hal/src/hal_io.o
 .debug_macro   0x000000000000dd25       0x7c hal/src/hal_io.o
 .debug_macro   0x000000000000dda1      0x15a hal/src/hal_io.o
 .debug_macro   0x000000000000defb       0x10 hal/src/hal_io.o
 .debug_macro   0x000000000000df0b       0xdc hal/src/hal_io.o
 .debug_macro   0x000000000000dfe7      0x124 hal/src/hal_io.o
 .debug_macro   0x000000000000e10b      0x124 hal/src/hal_io.o
 .debug_macro   0x000000000000e22f      0x124 hal/src/hal_io.o
 .debug_macro   0x000000000000e353      0x124 hal/src/hal_io.o
 .debug_macro   0x000000000000e477      0x124 hal/src/hal_io.o
 .debug_macro   0x000000000000e59b      0x124 hal/src/hal_io.o
 .debug_macro   0x000000000000e6bf      0x124 hal/src/hal_io.o
 .debug_macro   0x000000000000e7e3       0xe2 hal/src/hal_io.o
 .debug_macro   0x000000000000e8c5       0xe2 hal/src/hal_io.o
 .debug_macro   0x000000000000e9a7       0xe2 hal/src/hal_io.o
 .debug_macro   0x000000000000ea89      0x12a hal/src/hal_io.o
 .debug_macro   0x000000000000ebb3      0x100 hal/src/hal_io.o
 .debug_macro   0x000000000000ecb3       0xf4 hal/src/hal_io.o
 .debug_macro   0x000000000000eda7      0x40f hal/src/hal_io.o
 .debug_macro   0x000000000000f1b6       0x40 hal/src/hal_io.o
 .debug_macro   0x000000000000f1f6      0x376 hal/src/hal_io.o
 .debug_macro   0x000000000000f56c     0x17df hal/src/hal_io.o
 .debug_macro   0x0000000000010d4b       0x6d hal/src/hal_io.o
 .debug_macro   0x0000000000010db8       0x10 hal/src/hal_io.o
 .debug_macro   0x0000000000010dc8       0x10 hal/src/hal_io.o
 .debug_macro   0x0000000000010dd8       0x16 hal/src/hal_io.o
 .debug_macro   0x0000000000010dee       0x16 hal/src/hal_io.o
 .debug_macro   0x0000000000010e04       0x16 hal/src/hal_io.o
 .debug_macro   0x0000000000010e1a       0x16 hal/src/hal_io.o
 .debug_macro   0x0000000000010e30       0x16 hal/src/hal_io.o
 .debug_macro   0x0000000000010e46       0x16 hal/src/hal_io.o
 .debug_macro   0x0000000000010e5c       0x16 hal/src/hal_io.o
 .debug_macro   0x0000000000010e72       0x16 hal/src/hal_io.o
 .debug_macro   0x0000000000010e88       0x16 hal/src/hal_io.o
 .debug_macro   0x0000000000010e9e       0x16 hal/src/hal_io.o
 .debug_macro   0x0000000000010eb4       0x16 hal/src/hal_io.o
 .debug_macro   0x0000000000010eca       0x16 hal/src/hal_io.o
 .debug_macro   0x0000000000010ee0       0x16 hal/src/hal_io.o
 .debug_macro   0x0000000000010ef6       0x16 hal/src/hal_io.o
 .debug_macro   0x0000000000010f0c       0x16 hal/src/hal_io.o
 .debug_macro   0x0000000000010f22       0x16 hal/src/hal_io.o
 .debug_macro   0x0000000000010f38       0x16 hal/src/hal_io.o
 .debug_macro   0x0000000000010f4e       0x16 hal/src/hal_io.o
 .debug_macro   0x0000000000010f64       0x16 hal/src/hal_io.o
 .debug_macro   0x0000000000010f7a       0x16 hal/src/hal_io.o
 .debug_macro   0x0000000000010f90       0x16 hal/src/hal_io.o
 .debug_macro   0x0000000000010fa6       0xca hal/src/hal_io.o
 .debug_macro   0x0000000000011070       0x16 hal/src/hal_io.o
 .debug_macro   0x0000000000011086      0x2ed samd21a/gcc/gcc/startup_samd21.o
 .debug_macro   0x0000000000011373       0x39 samd21a/gcc/gcc/startup_samd21.o
 .debug_macro   0x00000000000113ac      0x45a hpl/pm/hpl_pm.o
 .debug_macro   0x0000000000011806       0x10 hpl/pm/hpl_pm.o
 .debug_macro   0x0000000000011816       0x28 hpl/pm/hpl_pm.o
 .debug_macro   0x000000000001183e       0x2e hpl/pm/hpl_pm.o
 .debug_macro   0x000000000001186c      0x495 hpl/core/hpl_init.o
 .debug_macro   0x0000000000011d01       0x1c hpl/core/hpl_init.o
 .debug_macro   0x0000000000011d1d      0x6ec hpl/core/hpl_init.o
 .debug_macro   0x0000000000012409      0x424 hal/utils/src/utils_assert.o
 .debug_macro   0x000000000001282d      0x431 hpl/sysctrl/hpl_sysctrl.o
 .debug_macro   0x0000000000012c5e      0x2da hpl/sysctrl/hpl_sysctrl.o
 .debug_macro   0x0000000000012f38      0x455 hal/src/hal_usart_sync.o
 .debug_macro   0x000000000001338d      0x437 hpl/gclk/hpl_gclk.o
 .debug_macro   0x00000000000137c4      0x1f3 hpl/gclk/hpl_gclk.o
 .debug_macro   0x00000000000139b7      0x2f3 samd21a/gcc/system_samd21.o
 .debug_macro   0x0000000000013caa      0x4f6 examples/driver_examples.o
 .debug_macro   0x00000000000141a0       0x4c examples/driver_examples.o
 .debug_macro   0x00000000000141ec      0x4f4 examples/warm.o
 .debug_macro   0x00000000000146e0      0x4f1 driver_init.o
 .debug_macro   0x0000000000014bd1      0x663 hpl/sercom/hpl_sercom.o
 .debug_macro   0x0000000000015234       0x70 hpl/sercom/hpl_sercom.o
 .debug_macro   0x00000000000152a4       0xba hpl/sercom/hpl_sercom.o
 .debug_macro   0x000000000001535e       0x10 hpl/sercom/hpl_sercom.o
 .debug_macro   0x000000000001536e       0x1c hpl/sercom/hpl_sercom.o
 .debug_macro   0x000000000001538a       0x22 hpl/sercom/hpl_sercom.o
 .debug_macro   0x00000000000153ac       0x10 hpl/sercom/hpl_sercom.o
 .debug_macro   0x00000000000153bc      0x4d5 atmel_start.o
 .debug_macro   0x0000000000015891      0x5b6 src/dump.o
 .debug_macro   0x0000000000015e47      0x4de pins.o
 .debug_macro   0x0000000000016325       0x10 pins.o
 .debug_macro   0x0000000000016335      0x4f0 main.o

.debug_line     0x0000000000000000     0xa58d
 .debug_line    0x0000000000000000      0x747 hal/src/hal_io.o
 .debug_line    0x0000000000000747      0x4c7 samd21a/gcc/gcc/startup_samd21.o
 .debug_line    0x0000000000000c0e      0x7b8 hpl/pm/hpl_pm.o
 .debug_line    0x00000000000013c6      0x7f4 hpl/core/hpl_init.o
 .debug_line    0x0000000000001bba      0x6fb hal/utils/src/utils_assert.o
 .debug_line    0x00000000000022b5      0x7ab hpl/sysctrl/hpl_sysctrl.o
 .debug_line    0x0000000000002a60      0x935 hal/src/hal_usart_sync.o
 .debug_line    0x0000000000003395      0x781 hpl/gclk/hpl_gclk.o
 .debug_line    0x0000000000003b16      0x48d samd21a/gcc/system_samd21.o
 .debug_line    0x0000000000003fa3      0x95e examples/driver_examples.o
 .debug_line    0x0000000000004901      0x8a7 examples/warm.o
 .debug_line    0x00000000000051a8      0x992 driver_init.o
 .debug_line    0x0000000000005b3a     0x27f7 hpl/sercom/hpl_sercom.o
 .debug_line    0x0000000000008331      0x804 atmel_start.o
 .debug_line    0x0000000000008b35      0x96a src/dump.o
 .debug_line    0x000000000000949f      0x825 pins.o
 .debug_line    0x0000000000009cc4      0x8c9 main.o

.debug_str      0x0000000000000000    0x7b7d2
 .debug_str     0x0000000000000000    0x6ded1 hal/src/hal_io.o
                                      0x6e312 (size before relaxing)
 .debug_str     0x000000000006ded1     0x10b1 samd21a/gcc/gcc/startup_samd21.o
                                      0x6e52c (size before relaxing)
 .debug_str     0x000000000006ef82      0x613 hpl/pm/hpl_pm.o
                                      0x6e90b (size before relaxing)
 .debug_str     0x000000000006f595     0x17c1 hpl/core/hpl_init.o
                                      0x6fdac (size before relaxing)
 .debug_str     0x0000000000070d56       0x2a hal/utils/src/utils_assert.o
                                      0x6e275 (size before relaxing)
 .debug_str     0x0000000000070d80     0x1178 hpl/sysctrl/hpl_sysctrl.o
                                      0x6f4e4 (size before relaxing)
 .debug_str     0x0000000000071ef8      0x9a2 hal/src/hal_usart_sync.o
                                      0x6edb2 (size before relaxing)
 .debug_str     0x000000000007289a      0x8d6 hpl/gclk/hpl_gclk.o
                                      0x6eb95 (size before relaxing)
 .debug_str     0x0000000000073170       0x59 samd21a/gcc/system_samd21.o
                                      0x6d3ac (size before relaxing)
 .debug_str     0x00000000000731c9      0x2cf examples/driver_examples.o
                                      0x6ebd2 (size before relaxing)
 .debug_str     0x0000000000073498       0x42 examples/warm.o
                                      0x6eb23 (size before relaxing)
 .debug_str     0x00000000000734da      0xd40 driver_init.o
                                      0x709d4 (size before relaxing)
 .debug_str     0x000000000007421a     0x48c4 hpl/sercom/hpl_sercom.o
                                      0x73d29 (size before relaxing)
 .debug_str     0x0000000000078ade       0x22 atmel_start.o
                                      0x6e61a (size before relaxing)
 .debug_str     0x0000000000078b00     0x2c68 src/dump.o
                                      0x712e8 (size before relaxing)
 .debug_str     0x000000000007b768       0x30 pins.o
                                      0x6e7ae (size before relaxing)
 .debug_str     0x000000000007b798       0x3a main.o
                                      0x6e833 (size before relaxing)

.debug_frame    0x0000000000000000     0x1710
 .debug_frame   0x0000000000000000       0x58 hal/src/hal_io.o
 .debug_frame   0x0000000000000058       0x3c samd21a/gcc/gcc/startup_samd21.o
 .debug_frame   0x0000000000000094       0x40 hpl/pm/hpl_pm.o
 .debug_frame   0x00000000000000d4       0x28 hpl/core/hpl_init.o
 .debug_frame   0x00000000000000fc       0x20 hal/utils/src/utils_assert.o
 .debug_frame   0x000000000000011c       0x30 hpl/sysctrl/hpl_sysctrl.o
 .debug_frame   0x000000000000014c      0x1f4 hal/src/hal_usart_sync.o
 .debug_frame   0x0000000000000340       0x30 hpl/gclk/hpl_gclk.o
 .debug_frame   0x0000000000000370       0x30 samd21a/gcc/system_samd21.o
 .debug_frame   0x00000000000003a0      0x184 examples/driver_examples.o
 .debug_frame   0x0000000000000524       0x44 examples/warm.o
 .debug_frame   0x0000000000000568       0xb8 driver_init.o
 .debug_frame   0x0000000000000620      0xf68 hpl/sercom/hpl_sercom.o
 .debug_frame   0x0000000000001588       0x28 atmel_start.o
 .debug_frame   0x00000000000015b0       0x78 src/dump.o
 .debug_frame   0x0000000000001628       0x30 pins.o
 .debug_frame   0x0000000000001658       0x8c main.o
 .debug_frame   0x00000000000016e4       0x2c /home/chris/dev/bin/../lib/gcc/arm-none-eabi/7.3.1/../../../../arm-none-eabi/lib/thumb/v6-m/libc_nano.a(lib_a-init.o)
