Archive member included to satisfy reference by file (symbol)

/home/chris/dev/bin/../lib/gcc/arm-none-eabi/7.3.1/thumb/v6-m/libgcc.a(_udivsi3.o)
                              hpl/sercom/hpl_sercom.o (__aeabi_uidiv)
/home/chris/dev/bin/../lib/gcc/arm-none-eabi/7.3.1/thumb/v6-m/libgcc.a(_dvmd_tls.o)
                              /home/chris/dev/bin/../lib/gcc/arm-none-eabi/7.3.1/thumb/v6-m/libgcc.a(_udivsi3.o) (__aeabi_idiv0)
/home/chris/dev/bin/../lib/gcc/arm-none-eabi/7.3.1/thumb/v6-m/libgcc.a(_aeabi_ldivmod.o)
                              hpl/sercom/hpl_sercom.o (__aeabi_ldivmod)
/home/chris/dev/bin/../lib/gcc/arm-none-eabi/7.3.1/thumb/v6-m/libgcc.a(_aeabi_uldivmod.o)
                              hpl/sercom/hpl_sercom.o (__aeabi_uldivmod)
/home/chris/dev/bin/../lib/gcc/arm-none-eabi/7.3.1/thumb/v6-m/libgcc.a(_muldi3.o)
                              hpl/sercom/hpl_sercom.o (__aeabi_lmul)
/home/chris/dev/bin/../lib/gcc/arm-none-eabi/7.3.1/thumb/v6-m/libgcc.a(_fixunsdfsi.o)
                              hpl/sercom/hpl_sercom.o (__aeabi_d2uiz)
/home/chris/dev/bin/../lib/gcc/arm-none-eabi/7.3.1/thumb/v6-m/libgcc.a(_udivmoddi4.o)
                              /home/chris/dev/bin/../lib/gcc/arm-none-eabi/7.3.1/thumb/v6-m/libgcc.a(_aeabi_uldivmod.o) (__udivmoddi4)
/home/chris/dev/bin/../lib/gcc/arm-none-eabi/7.3.1/thumb/v6-m/libgcc.a(bpabi.o)
                              /home/chris/dev/bin/../lib/gcc/arm-none-eabi/7.3.1/thumb/v6-m/libgcc.a(_aeabi_ldivmod.o) (__gnu_ldivmod_helper)
/home/chris/dev/bin/../lib/gcc/arm-none-eabi/7.3.1/thumb/v6-m/libgcc.a(divdf3.o)
                              hpl/sercom/hpl_sercom.o (__aeabi_ddiv)
/home/chris/dev/bin/../lib/gcc/arm-none-eabi/7.3.1/thumb/v6-m/libgcc.a(muldf3.o)
                              hpl/sercom/hpl_sercom.o (__aeabi_dmul)
/home/chris/dev/bin/../lib/gcc/arm-none-eabi/7.3.1/thumb/v6-m/libgcc.a(subdf3.o)
                              hpl/sercom/hpl_sercom.o (__aeabi_dsub)
/home/chris/dev/bin/../lib/gcc/arm-none-eabi/7.3.1/thumb/v6-m/libgcc.a(fixdfsi.o)
                              /home/chris/dev/bin/../lib/gcc/arm-none-eabi/7.3.1/thumb/v6-m/libgcc.a(_fixunsdfsi.o) (__aeabi_d2iz)
/home/chris/dev/bin/../lib/gcc/arm-none-eabi/7.3.1/thumb/v6-m/libgcc.a(floatsidf.o)
                              hpl/sercom/hpl_sercom.o (__aeabi_i2d)
/home/chris/dev/bin/../lib/gcc/arm-none-eabi/7.3.1/thumb/v6-m/libgcc.a(floatunsidf.o)
                              hpl/sercom/hpl_sercom.o (__aeabi_ui2d)
/home/chris/dev/bin/../lib/gcc/arm-none-eabi/7.3.1/thumb/v6-m/libgcc.a(_arm_cmpdf2.o)
                              /home/chris/dev/bin/../lib/gcc/arm-none-eabi/7.3.1/thumb/v6-m/libgcc.a(_fixunsdfsi.o) (__aeabi_dcmpge)
/home/chris/dev/bin/../lib/gcc/arm-none-eabi/7.3.1/thumb/v6-m/libgcc.a(_clzsi2.o)
                              /home/chris/dev/bin/../lib/gcc/arm-none-eabi/7.3.1/thumb/v6-m/libgcc.a(divdf3.o) (__clzsi2)
/home/chris/dev/bin/../lib/gcc/arm-none-eabi/7.3.1/thumb/v6-m/libgcc.a(_clzdi2.o)
                              /home/chris/dev/bin/../lib/gcc/arm-none-eabi/7.3.1/thumb/v6-m/libgcc.a(_udivmoddi4.o) (__clzdi2)
/home/chris/dev/bin/../lib/gcc/arm-none-eabi/7.3.1/thumb/v6-m/libgcc.a(_divdi3.o)
                              /home/chris/dev/bin/../lib/gcc/arm-none-eabi/7.3.1/thumb/v6-m/libgcc.a(bpabi.o) (__divdi3)
/home/chris/dev/bin/../lib/gcc/arm-none-eabi/7.3.1/thumb/v6-m/libgcc.a(eqdf2.o)
                              /home/chris/dev/bin/../lib/gcc/arm-none-eabi/7.3.1/thumb/v6-m/libgcc.a(_arm_cmpdf2.o) (__eqdf2)
/home/chris/dev/bin/../lib/gcc/arm-none-eabi/7.3.1/thumb/v6-m/libgcc.a(gedf2.o)
                              /home/chris/dev/bin/../lib/gcc/arm-none-eabi/7.3.1/thumb/v6-m/libgcc.a(_arm_cmpdf2.o) (__gedf2)
/home/chris/dev/bin/../lib/gcc/arm-none-eabi/7.3.1/thumb/v6-m/libgcc.a(ledf2.o)
                              /home/chris/dev/bin/../lib/gcc/arm-none-eabi/7.3.1/thumb/v6-m/libgcc.a(_arm_cmpdf2.o) (__ledf2)
/home/chris/dev/bin/../lib/gcc/arm-none-eabi/7.3.1/../../../../arm-none-eabi/lib/thumb/v6-m/libc_nano.a(lib_a-exit.o)
                              /home/chris/dev/bin/../lib/gcc/arm-none-eabi/7.3.1/../../../../arm-none-eabi/lib/thumb/v6-m/crt0.o (exit)
/home/chris/dev/bin/../lib/gcc/arm-none-eabi/7.3.1/../../../../arm-none-eabi/lib/thumb/v6-m/libc_nano.a(lib_a-impure.o)
                              /home/chris/dev/bin/../lib/gcc/arm-none-eabi/7.3.1/../../../../arm-none-eabi/lib/thumb/v6-m/libc_nano.a(lib_a-exit.o) (_global_impure_ptr)
/home/chris/dev/bin/../lib/gcc/arm-none-eabi/7.3.1/../../../../arm-none-eabi/lib/thumb/v6-m/libc_nano.a(lib_a-init.o)
                              /home/chris/dev/bin/../lib/gcc/arm-none-eabi/7.3.1/../../../../arm-none-eabi/lib/thumb/v6-m/crt0.o (__libc_init_array)
/home/chris/dev/bin/../lib/gcc/arm-none-eabi/7.3.1/../../../../arm-none-eabi/lib/thumb/v6-m/libc_nano.a(lib_a-memset.o)
                              /home/chris/dev/bin/../lib/gcc/arm-none-eabi/7.3.1/../../../../arm-none-eabi/lib/thumb/v6-m/crt0.o (memset)
[...]
Memory Configuration

Name             Origin             Length             Attributes
rom              0x0000000000002000 0x000000000003e000 xr
ram              0x0000000020000000 0x0000000000008000 xrw
*default*        0x0000000000000000 0xffffffffffffffff

Linker script and memory map

LOAD /home/chris/dev/bin/../lib/gcc/arm-none-eabi/7.3.1/thumb/v6-m/crti.o
LOAD /home/chris/dev/bin/../lib/gcc/arm-none-eabi/7.3.1/thumb/v6-m/crtbegin.o
LOAD /home/chris/dev/bin/../lib/gcc/arm-none-eabi/7.3.1/../../../../arm-none-eabi/lib/thumb/v6-m/crt0.o
LOAD hal/src/hal_io.o
LOAD hpl/systick/hpl_systick.o
LOAD samd21a/gcc/gcc/startup_samd21.o
LOAD hal/utils/src/utils_syscalls.o
LOAD hal/src/hal_delay.o
LOAD hpl/pm/hpl_pm.o
LOAD hpl/core/hpl_init.o
LOAD hal/utils/src/utils_list.o
LOAD hpl/core/hpl_core_m0plus_base.o
LOAD hal/utils/src/utils_assert.o
LOAD hpl/dmac/hpl_dmac.o
LOAD hpl/sysctrl/hpl_sysctrl.o
LOAD hal/src/hal_usart_sync.o
LOAD hpl/gclk/hpl_gclk.o
LOAD hal/src/hal_init.o
LOAD samd21a/gcc/system_samd21.o
LOAD examples/driver_examples.o
LOAD driver_init.o
LOAD hpl/sercom/hpl_sercom.o
LOAD hal/src/hal_gpio.o
LOAD hal/utils/src/utils_event.o
LOAD hal/src/hal_sleep.o
LOAD atmel_start.o
LOAD hal/src/hal_atomic.o
LOAD pins.o
LOAD main.o
START GROUP
LOAD /home/chris/dev/bin/../lib/gcc/arm-none-eabi/7.3.1/../../../../arm-none-eabi/lib/thumb/v6-m/libm.a
END GROUP
START GROUP
LOAD /home/chris/dev/bin/../lib/gcc/arm-none-eabi/7.3.1/thumb/v6-m/libgcc.a
LOAD /home/chris/dev/bin/../lib/gcc/arm-none-eabi/7.3.1/../../../../arm-none-eabi/lib/thumb/v6-m/libc_nano.a
END GROUP
START GROUP
LOAD /home/chris/dev/bin/../lib/gcc/arm-none-eabi/7.3.1/thumb/v6-m/libgcc.a
LOAD /home/chris/dev/bin/../lib/gcc/arm-none-eabi/7.3.1/../../../../arm-none-eabi/lib/thumb/v6-m/libc_nano.a
END GROUP
LOAD /home/chris/dev/bin/../lib/gcc/arm-none-eabi/7.3.1/thumb/v6-m/crtend.o
LOAD /home/chris/dev/bin/../lib/gcc/arm-none-eabi/7.3.1/thumb/v6-m/crtn.o
                0x0000000000002000                STACK_SIZE = DEFINED (STACK_SIZE)?STACK_SIZE:DEFINED (__stack_size__)?__stack_size__:0x2000

.text           0x0000000000002000      0x270
                0x0000000000002000                . = ALIGN (0x4)
                0x0000000000002000                _sfixed = .
 *(.vectors .vectors.*)
 .vectors       0x0000000000002000       0xb4 samd21a/gcc/gcc/startup_samd21.o
                0x0000000000002000                exception_table
 *(.text .text.* .gnu.linkonce.t.*)
 .text          0x00000000000020b4       0x48 /home/chris/dev/bin/../lib/gcc/arm-none-eabi/7.3.1/thumb/v6-m/crtbegin.o
 .text.Dummy_Handler
                0x00000000000020fc        0x2 samd21a/gcc/gcc/startup_samd21.o
                0x00000000000020fc                SVCall_Handler
                0x00000000000020fc                DMAC_Handler
                0x00000000000020fc                HardFault_Handler
                0x00000000000020fc                AC_Handler
                0x00000000000020fc                SysTick_Handler
                0x00000000000020fc                PendSV_Handler
                0x00000000000020fc                SERCOM1_Handler
                0x00000000000020fc                ADC_Handler
                0x00000000000020fc                NonMaskableInt_Handler
                0x00000000000020fc                TCC1_Handler
                0x00000000000020fc                SERCOM2_Handler
                0x00000000000020fc                TCC0_Handler
                0x00000000000020fc                RTC_Handler
                0x00000000000020fc                EIC_Handler
                0x00000000000020fc                WDT_Handler
                0x00000000000020fc                TC4_Handler
                0x00000000000020fc                USB_Handler
                0x00000000000020fc                TC3_Handler
                0x00000000000020fc                Dummy_Handler
                0x00000000000020fc                PM_Handler
                0x00000000000020fc                SERCOM5_Handler
                0x00000000000020fc                TCC2_Handler
                0x00000000000020fc                EVSYS_Handler
                0x00000000000020fc                SERCOM3_Handler
                0x00000000000020fc                SERCOM4_Handler
                0x00000000000020fc                I2S_Handler
                0x00000000000020fc                NVMCTRL_Handler
                0x00000000000020fc                SERCOM0_Handler
                0x00000000000020fc                DAC_Handler
                0x00000000000020fc                PTC_Handler
                0x00000000000020fc                TC5_Handler
                0x00000000000020fc                SYSCTRL_Handler
 *fill*         0x00000000000020fe        0x2 
 .text.Reset_Handler
                0x0000000000002100       0xbc samd21a/gcc/gcc/startup_samd21.o
                0x0000000000002100                Reset_Handler
 .text.pins_setup
                0x00000000000021bc       0x28 pins.o
                0x00000000000021bc                pins_setup
 .text.toggle_d11
                0x00000000000021e4       0x10 pins.o
                0x00000000000021e4                toggle_d11
 .text.startup.main
                0x00000000000021f4       0x14 main.o
                0x00000000000021f4                main
 .text.__libc_init_array
                0x0000000000002208       0x48 /home/chris/dev/bin/../lib/gcc/arm-none-eabi/7.3.1/../../../../arm-none-eabi/lib/thumb/v6-m/libc_nano.a(lib_a-init.o)
                0x0000000000002208                __libc_init_array
 *(.glue_7t)
 .glue_7t       0x0000000000002250        0x0 linker stubs
 *(.glue_7)
 .glue_7        0x0000000000002250        0x0 linker stubs
 *(.rodata .rodata* .gnu.linkonce.r.*)
 *(.ARM.extab* .gnu.linkonce.armextab.*)
                0x0000000000002250                . = ALIGN (0x4)
 *(.init)
 .init          0x0000000000002250        0x4 /home/chris/dev/bin/../lib/gcc/arm-none-eabi/7.3.1/thumb/v6-m/crti.o
                0x0000000000002250                _init
 .init          0x0000000000002254        0x8 /home/chris/dev/bin/../lib/gcc/arm-none-eabi/7.3.1/thumb/v6-m/crtn.o
                0x000000000000225c                . = ALIGN (0x4)
                0x000000000000225c                __preinit_array_start = .
 *(.preinit_array)
                0x000000000000225c                __preinit_array_end = .
                0x000000000000225c                . = ALIGN (0x4)
                0x000000000000225c                __init_array_start = .
 *(SORT_BY_NAME(.init_array.*))
 *(.init_array)
 .init_array    0x000000000000225c        0x4 /home/chris/dev/bin/../lib/gcc/arm-none-eabi/7.3.1/thumb/v6-m/crtbegin.o
                0x0000000000002260                __init_array_end = .
                0x0000000000002260                . = ALIGN (0x4)
 *crtbegin.o(.ctors)
 *(EXCLUDE_FILE(*crtend.o) .ctors)
 *(SORT_BY_NAME(.ctors.*))
 *crtend.o(.ctors)
                0x0000000000002260                . = ALIGN (0x4)
 *(.fini)
 .fini          0x0000000000002260        0x4 /home/chris/dev/bin/../lib/gcc/arm-none-eabi/7.3.1/thumb/v6-m/crti.o
                0x0000000000002260                _fini
 .fini          0x0000000000002264        0x8 /home/chris/dev/bin/../lib/gcc/arm-none-eabi/7.3.1/thumb/v6-m/crtn.o
                0x000000000000226c                . = ALIGN (0x4)
                0x000000000000226c                __fini_array_start = .
 *(.fini_array)
 .fini_array    0x000000000000226c        0x4 /home/chris/dev/bin/../lib/gcc/arm-none-eabi/7.3.1/thumb/v6-m/crtbegin.o
 *(SORT_BY_NAME(.fini_array.*))
                0x0000000000002270                __fini_array_end = .
 *crtbegin.o(.dtors)
 *(EXCLUDE_FILE(*crtend.o) .dtors)
 *(SORT_BY_NAME(.dtors.*))
 *crtend.o(.dtors)
                0x0000000000002270                . = ALIGN (0x4)
                0x0000000000002270                _efixed = .
                [!provide]                        PROVIDE (__exidx_start = .)

.vfp11_veneer   0x0000000000002270        0x0
 .vfp11_veneer  0x0000000000002270        0x0 linker stubs

.v4_bx          0x0000000000002270        0x0
 .v4_bx         0x0000000000002270        0x0 linker stubs

.iplt           0x0000000000002270        0x0
 .iplt          0x0000000000002270        0x0 /home/chris/dev/bin/../lib/gcc/arm-none-eabi/7.3.1/thumb/v6-m/crtbegin.o

.igot.plt       0x0000000000002270        0x0
 .igot.plt      0x0000000000002270        0x0 /home/chris/dev/bin/../lib/gcc/arm-none-eabi/7.3.1/thumb/v6-m/crtbegin.o

.eh_frame       0x0000000000002270        0x0
 .eh_frame      0x0000000000002270        0x0 /home/chris/dev/bin/../lib/gcc/arm-none-eabi/7.3.1/thumb/v6-m/crtbegin.o

.rel.dyn        0x0000000000002270        0x0
 .rel.iplt      0x0000000000002270        0x0 /home/chris/dev/bin/../lib/gcc/arm-none-eabi/7.3.1/thumb/v6-m/crtbegin.o

.ARM.exidx
 *(.ARM.exidx* .gnu.linkonce.armexidx.*)
                [!provide]                        PROVIDE (__exidx_end = .)
                0x0000000000002270                . = ALIGN (0x4)
                0x0000000000002270                _etext = .

.relocate       0x0000000020000000        0x0 load address 0x0000000000002270
                0x0000000020000000                . = ALIGN (0x4)
                0x0000000020000000                _srelocate = .
 *(.ramfunc .ramfunc.*)
 *(.data .data.*)
                0x0000000020000000                . = ALIGN (0x4)
                0x0000000020000000                _erelocate = .

.bss            0x0000000020000000       0x1c
                0x0000000020000000                . = ALIGN (0x4)
                0x0000000020000000                _sbss = .
                0x0000000020000000                _szero = .
 *(.bss .bss.*)
 .bss           0x0000000020000000       0x1c /home/chris/dev/bin/../lib/gcc/arm-none-eabi/7.3.1/thumb/v6-m/crtbegin.o
 *(COMMON)
                0x000000002000001c                . = ALIGN (0x4)
                0x000000002000001c                _ebss = .
                0x000000002000001c                _ezero = .

.stack          0x000000002000001c     0x2004
                0x0000000020000020                . = ALIGN (0x8)
 *fill*         0x000000002000001c        0x4 
                0x0000000020000020                _sstack = .
                0x0000000020002020                . = (. + STACK_SIZE)
 *fill*         0x0000000020000020     0x2000 
                0x0000000020002020                . = ALIGN (0x8)
                0x0000000020002020                _estack = .
                0x0000000020002020                . = ALIGN (0x4)
                0x0000000020002020                _end = .
                [!provide]                        PROVIDE (end = .)
OUTPUT(AtmelStart.elf elf32-littlearm)

.ARM.attributes
                0x0000000000000000       0x28
 .ARM.attributes
                0x0000000000000000       0x1e /home/chris/dev/bin/../lib/gcc/arm-none-eabi/7.3.1/thumb/v6-m/crti.o
 .ARM.attributes
                0x000000000000001e       0x2c /home/chris/dev/bin/../lib/gcc/arm-none-eabi/7.3.1/thumb/v6-m/crtbegin.o
 .ARM.attributes
                0x000000000000004a       0x32 samd21a/gcc/gcc/startup_samd21.o
 .ARM.attributes
                0x000000000000007c       0x32 pins.o
 .ARM.attributes
                0x00000000000000ae       0x32 main.o
 .ARM.attributes
                0x00000000000000e0       0x2c /home/chris/dev/bin/../lib/gcc/arm-none-eabi/7.3.1/../../../../arm-none-eabi/lib/thumb/v6-m/libc_nano.a(lib_a-init.o)
 .ARM.attributes
                0x000000000000010c       0x1e /home/chris/dev/bin/../lib/gcc/arm-none-eabi/7.3.1/thumb/v6-m/crtn.o

.comment        0x0000000000000000       0x7f
 .comment       0x0000000000000000       0x7f samd21a/gcc/gcc/startup_samd21.o
                                         0x80 (size before relaxing)
 .comment       0x000000000000007f       0x80 pins.o
 .comment       0x000000000000007f       0x80 main.o

.debug_info     0x0000000000000000     0x3f5f
 .debug_info    0x0000000000000000     0x35cb samd21a/gcc/gcc/startup_samd21.o
 .debug_info    0x00000000000035cb      0x7bf pins.o
 .debug_info    0x0000000000003d8a      0x1d5 main.o

.debug_abbrev   0x0000000000000000      0x4b0
 .debug_abbrev  0x0000000000000000      0x25e samd21a/gcc/gcc/startup_samd21.o
 .debug_abbrev  0x000000000000025e      0x197 pins.o
 .debug_abbrev  0x00000000000003f5       0xbb main.o

.debug_loc      0x0000000000000000       0x2b
 .debug_loc     0x0000000000000000       0x2b samd21a/gcc/gcc/startup_samd21.o

.debug_aranges  0x0000000000000000       0x70
 .debug_aranges
                0x0000000000000000       0x28 samd21a/gcc/gcc/startup_samd21.o
 .debug_aranges
                0x0000000000000028       0x28 pins.o
 .debug_aranges
                0x0000000000000050       0x20 main.o

.debug_ranges   0x0000000000000000       0x40
 .debug_ranges  0x0000000000000000       0x18 samd21a/gcc/gcc/startup_samd21.o
 .debug_ranges  0x0000000000000018       0x18 pins.o
 .debug_ranges  0x0000000000000030       0x10 main.o

.debug_macro    0x0000000000000000      0xcfa
 .debug_macro   0x0000000000000000      0x2ed samd21a/gcc/gcc/startup_samd21.o
 .debug_macro   0x00000000000002ed       0x39 samd21a/gcc/gcc/startup_samd21.o
 .debug_macro   0x0000000000000326      0x4e2 pins.o
 .debug_macro   0x0000000000000808       0x10 pins.o
 .debug_macro   0x0000000000000818      0x4e2 main.o

.debug_line     0x0000000000000000     0x14f3
 .debug_line    0x0000000000000000      0x4c7 samd21a/gcc/gcc/startup_samd21.o
 .debug_line    0x00000000000004c7      0x825 pins.o
 .debug_line    0x0000000000000cec      0x807 main.o

.debug_str      0x0000000000000000    0x6f431
 .debug_str     0x0000000000000000    0x6e10a samd21a/gcc/gcc/startup_samd21.o
                                      0x6e52c (size before relaxing)
 .debug_str     0x000000000006e10a     0x131d pins.o
                                      0x6e7c7 (size before relaxing)
 .debug_str     0x000000000006f427        0xa main.o
                                      0x6e624 (size before relaxing)

.debug_frame    0x0000000000000000       0xc0
 .debug_frame   0x0000000000000000       0x3c samd21a/gcc/gcc/startup_samd21.o
 .debug_frame   0x000000000000003c       0x30 pins.o
 .debug_frame   0x000000000000006c       0x28 main.o
 .debug_frame   0x0000000000000094       0x2c /home/chris/dev/bin/../lib/gcc/arm-none-eabi/7.3.1/../../../../arm-none-eabi/lib/thumb/v6-m/libc_nano.a(lib_a-init.o)
